     1                                          global  _start
     2                                          section .text
     3                                  _start:
     4 00000000 488B0425[00000000]              mov     rax, [a]
     5 00000008 488B1C25[08000000]              mov     rbx, [b]
     6 00000010 488B2425[10000000]              mov     rsp, [c]
     7 00000018 488B2C25[18000000]              mov     rbp, [d]
     8 00000020 48B9-                           mov     rcx, message
     8 00000022 [2000000000000000] 
     9 0000002A 4839D8                          cmp     rax, rbx
    10 0000002D 7D05                            jge     else
    11                                  if:     
    12 0000002F 4801E1                          add     rcx,rsp
    13 00000032 EB13                            jmp     endifelse
    14                                  else:
    15 00000034 4801CD                          add     rbp,rcx
    16 00000037 48892C25[10000000]              mov     [c],rbp
    17 0000003F 488B0C25[10000000]              mov     rcx,[c]
    18                                  endifelse:
    19 00000047 B801000000                      mov     rax, 1
    20 0000004C BF01000000                      mov     rdi, 1
    21 00000051 4889CE                          mov     rsi, rcx
    22 00000054 BA06000000                      mov     rdx, 6
    23 00000059 0F05                            syscall 
    24 0000005B B801000000                      mov     rax, 1
    25 00000060 BF01000000                      mov     rdi, 1
    26 00000065 B83C000000                      mov     eax, 60
    27 0000006A 4831FF                          xor     rdi, rdi
    28 0000006D 0F05                            syscall
    29                                  
    30                                          
    31                                          section .data
    32                                  a:
    33 00000000 0A00000000000000                dd      10,0
    34                                  b:
    35 00000008 0200000000000000                dd      2,0
    36                                  c:
    37 00000010 0400000000000000                dd      4,0
    38                                  d:
    39 00000018 0600000000000000                dd      6,0
    40                                  message:
    41 00000020 616263646566676869-             db      "abcdefghijklmnopqrstuvwxyz",10
    41 00000029 6A6B6C6D6E6F707172-
    41 00000032 737475767778797A0A 
