     1                                          global  _start
     2                                          section .text
     3                                  _start:
     4 00000000 488B0425[00000000]              mov     rax, [a]
     5 00000008 488B1C25[08000000]              mov     rbx, [b]
     6 00000010 488B2425[10000000]              mov     rsp, [c]
     7 00000018 488B2C25[18000000]              mov     rbp, [d]
     8 00000020 48B9-                           mov     rcx, message
     8 00000022 [2000000000000000] 
     9 0000002A 48012425[08000000]              add     [b],rsp
    10 00000032 4839D8                          cmp     rax, rbx
    11 00000035 7D0A                            jge     else
    12                                  if:     
    13 00000037 48030C25[08000000]              add     rcx, [b]
    14 0000003F EB04                            jmp     endifelse
    15                                  else:
    16 00000041 4883C102                        add     rcx,2
    17                                  endifelse:
    18 00000045 B801000000                      mov     rax, 1
    19 0000004A BF01000000                      mov     rdi, 1
    20 0000004F 4889CE                          mov     rsi, rcx
    21 00000052 BA06000000                      mov     rdx, 6
    22 00000057 0F05                            syscall 
    23 00000059 B801000000                      mov     rax, 1
    24 0000005E BF01000000                      mov     rdi, 1
    25 00000063 B83C000000                      mov     eax, 60
    26 00000068 4831FF                          xor     rdi, rdi
    27 0000006B 0F05                            syscall
    28                                  
    29                                          
    30                                          section .data
    31                                  a:
    32 00000000 0A00000000000000                dd      10,0
    33                                  b:
    34 00000008 0400000000000000                dd      4,0
    35                                  c:
    36 00000010 0400000000000000                dd      4,0
    37                                  d:
    38 00000018 0500000000000000                dd      5,0
    39                                  message:
    40 00000020 68656C6C6F20776F72-             db      "hello world hello world",10
    40 00000029 6C642068656C6C6F20-
    40 00000032 776F726C640A       
